[30-Jul-2020 11:32:58 UTC] PHP Notice:  Undefined variable: newReservation in D:\php\photo_gallery_NSh11522_TZh96818\photo_list.php on line 31
[30-Jul-2020 11:32:58 UTC] PHP Stack trace:
[30-Jul-2020 11:32:58 UTC] PHP   1. {main}() D:\php\photo_gallery_NSh11522_TZh96818\photo_list.php:0
[30-Jul-2020 11:32:58 UTC] PHP Notice:  Undefined variable: facility in D:\php\photo_gallery_NSh11522_TZh96818\photo_list.php on line 31
[30-Jul-2020 11:32:58 UTC] PHP Stack trace:
[30-Jul-2020 11:32:58 UTC] PHP   1. {main}() D:\php\photo_gallery_NSh11522_TZh96818\photo_list.php:0
[30-Jul-2020 11:32:58 UTC] PHP Warning:  Invalid argument supplied for foreach() in D:\php\photo_gallery_NSh11522_TZh96818\inc\Entities\Page.class.php on line 268
[30-Jul-2020 11:32:58 UTC] PHP Stack trace:
[30-Jul-2020 11:32:58 UTC] PHP   1. {main}() D:\php\photo_gallery_NSh11522_TZh96818\photo_list.php:0
[30-Jul-2020 11:32:58 UTC] PHP   2. Page::editPhotoForm() D:\php\photo_gallery_NSh11522_TZh96818\photo_list.php:31
[30-Jul-2020 11:32:58 UTC] PHP Notice:  Undefined index: action in D:\php\photo_gallery_NSh11522_TZh96818\photo_list.php on line 32
[30-Jul-2020 11:32:58 UTC] PHP Stack trace:
[30-Jul-2020 11:32:58 UTC] PHP   1. {main}() D:\php\photo_gallery_NSh11522_TZh96818\photo_list.php:0
[30-Jul-2020 11:33:38 UTC] PHP Notice:  Undefined property: Photo::$PhotoID in D:\php\photo_gallery_NSh11522_TZh96818\inc\Entities\Page.class.php on line 269
[30-Jul-2020 11:33:38 UTC] PHP Stack trace:
[30-Jul-2020 11:33:38 UTC] PHP   1. {main}() D:\php\photo_gallery_NSh11522_TZh96818\photo_list.php:0
[30-Jul-2020 11:33:38 UTC] PHP   2. Page::editPhotoForm() D:\php\photo_gallery_NSh11522_TZh96818\photo_list.php:31
[30-Jul-2020 11:33:38 UTC] PHP Notice:  Undefined property: Photo::$PhotoID in D:\php\photo_gallery_NSh11522_TZh96818\inc\Entities\Page.class.php on line 269
[30-Jul-2020 11:33:38 UTC] PHP Stack trace:
[30-Jul-2020 11:33:38 UTC] PHP   1. {main}() D:\php\photo_gallery_NSh11522_TZh96818\photo_list.php:0
[30-Jul-2020 11:33:38 UTC] PHP   2. Page::editPhotoForm() D:\php\photo_gallery_NSh11522_TZh96818\photo_list.php:31
[30-Jul-2020 11:33:38 UTC] PHP Notice:  Undefined property: Photo::$PhotoID in D:\php\photo_gallery_NSh11522_TZh96818\inc\Entities\Page.class.php on line 269
[30-Jul-2020 11:33:38 UTC] PHP Stack trace:
[30-Jul-2020 11:33:38 UTC] PHP   1. {main}() D:\php\photo_gallery_NSh11522_TZh96818\photo_list.php:0
[30-Jul-2020 11:33:38 UTC] PHP   2. Page::editPhotoForm() D:\php\photo_gallery_NSh11522_TZh96818\photo_list.php:31
[30-Jul-2020 11:33:38 UTC] PHP Notice:  Undefined property: Photo::$PhotoID in D:\php\photo_gallery_NSh11522_TZh96818\inc\Entities\Page.class.php on line 269
[30-Jul-2020 11:33:38 UTC] PHP Stack trace:
[30-Jul-2020 11:33:38 UTC] PHP   1. {main}() D:\php\photo_gallery_NSh11522_TZh96818\photo_list.php:0
[30-Jul-2020 11:33:38 UTC] PHP   2. Page::editPhotoForm() D:\php\photo_gallery_NSh11522_TZh96818\photo_list.php:31
[30-Jul-2020 11:33:38 UTC] PHP Notice:  Undefined property: Photo::$PhotoID in D:\php\photo_gallery_NSh11522_TZh96818\inc\Entities\Page.class.php on line 269
[30-Jul-2020 11:33:38 UTC] PHP Stack trace:
[30-Jul-2020 11:33:38 UTC] PHP   1. {main}() D:\php\photo_gallery_NSh11522_TZh96818\photo_list.php:0
[30-Jul-2020 11:33:38 UTC] PHP   2. Page::editPhotoForm() D:\php\photo_gallery_NSh11522_TZh96818\photo_list.php:31
[30-Jul-2020 11:33:38 UTC] PHP Notice:  Undefined property: Photo::$PhotoID in D:\php\photo_gallery_NSh11522_TZh96818\inc\Entities\Page.class.php on line 269
[30-Jul-2020 11:33:38 UTC] PHP Stack trace:
[30-Jul-2020 11:33:38 UTC] PHP   1. {main}() D:\php\photo_gallery_NSh11522_TZh96818\photo_list.php:0
[30-Jul-2020 11:33:38 UTC] PHP   2. Page::editPhotoForm() D:\php\photo_gallery_NSh11522_TZh96818\photo_list.php:31
[30-Jul-2020 11:33:38 UTC] PHP Notice:  Undefined property: Photo::$PhotoID in D:\php\photo_gallery_NSh11522_TZh96818\inc\Entities\Page.class.php on line 269
[30-Jul-2020 11:33:38 UTC] PHP Stack trace:
[30-Jul-2020 11:33:38 UTC] PHP   1. {main}() D:\php\photo_gallery_NSh11522_TZh96818\photo_list.php:0
[30-Jul-2020 11:33:38 UTC] PHP   2. Page::editPhotoForm() D:\php\photo_gallery_NSh11522_TZh96818\photo_list.php:31
[30-Jul-2020 11:33:38 UTC] PHP Notice:  Undefined property: Photo::$PhotoID in D:\php\photo_gallery_NSh11522_TZh96818\inc\Entities\Page.class.php on line 269
[30-Jul-2020 11:33:38 UTC] PHP Stack trace:
[30-Jul-2020 11:33:38 UTC] PHP   1. {main}() D:\php\photo_gallery_NSh11522_TZh96818\photo_list.php:0
[30-Jul-2020 11:33:38 UTC] PHP   2. Page::editPhotoForm() D:\php\photo_gallery_NSh11522_TZh96818\photo_list.php:31
[30-Jul-2020 11:33:38 UTC] PHP Notice:  Undefined property: Photo::$PhotoID in D:\php\photo_gallery_NSh11522_TZh96818\inc\Entities\Page.class.php on line 269
[30-Jul-2020 11:33:38 UTC] PHP Stack trace:
[30-Jul-2020 11:33:38 UTC] PHP   1. {main}() D:\php\photo_gallery_NSh11522_TZh96818\photo_list.php:0
[30-Jul-2020 11:33:38 UTC] PHP   2. Page::editPhotoForm() D:\php\photo_gallery_NSh11522_TZh96818\photo_list.php:31
[30-Jul-2020 11:33:38 UTC] PHP Notice:  Undefined property: Photo::$PhotoID in D:\php\photo_gallery_NSh11522_TZh96818\inc\Entities\Page.class.php on line 269
[30-Jul-2020 11:33:38 UTC] PHP Stack trace:
[30-Jul-2020 11:33:38 UTC] PHP   1. {main}() D:\php\photo_gallery_NSh11522_TZh96818\photo_list.php:0
[30-Jul-2020 11:33:38 UTC] PHP   2. Page::editPhotoForm() D:\php\photo_gallery_NSh11522_TZh96818\photo_list.php:31
[30-Jul-2020 11:33:38 UTC] PHP Notice:  Undefined index: action in D:\php\photo_gallery_NSh11522_TZh96818\photo_list.php on line 32
[30-Jul-2020 11:33:39 UTC] PHP Stack trace:
[30-Jul-2020 11:33:39 UTC] PHP   1. {main}() D:\php\photo_gallery_NSh11522_TZh96818\photo_list.php:0
[30-Jul-2020 11:34:30 UTC] PHP Notice:  Undefined index: action in D:\php\photo_gallery_NSh11522_TZh96818\photo_list.php on line 32
[30-Jul-2020 11:34:30 UTC] PHP Stack trace:
[30-Jul-2020 11:34:30 UTC] PHP   1. {main}() D:\php\photo_gallery_NSh11522_TZh96818\photo_list.php:0
[30-Jul-2020 11:35:38 UTC] PHP Notice:  Undefined index: action in D:\php\photo_gallery_NSh11522_TZh96818\photo_list.php on line 31
[30-Jul-2020 11:35:38 UTC] PHP Stack trace:
[30-Jul-2020 11:35:38 UTC] PHP   1. {main}() D:\php\photo_gallery_NSh11522_TZh96818\photo_list.php:0
[30-Jul-2020 11:35:58 UTC] PHP Notice:  Undefined index: action in D:\php\photo_gallery_NSh11522_TZh96818\photo_list.php on line 31
[30-Jul-2020 11:35:58 UTC] PHP Stack trace:
[30-Jul-2020 11:35:58 UTC] PHP   1. {main}() D:\php\photo_gallery_NSh11522_TZh96818\photo_list.php:0
[30-Jul-2020 11:35:59 UTC] PHP Notice:  Undefined index: action in D:\php\photo_gallery_NSh11522_TZh96818\photo_list.php on line 31
[30-Jul-2020 11:35:59 UTC] PHP Stack trace:
[30-Jul-2020 11:35:59 UTC] PHP   1. {main}() D:\php\photo_gallery_NSh11522_TZh96818\photo_list.php:0
[30-Jul-2020 11:36:00 UTC] PHP Notice:  Undefined index: action in D:\php\photo_gallery_NSh11522_TZh96818\photo_list.php on line 31
[30-Jul-2020 11:36:00 UTC] PHP Stack trace:
[30-Jul-2020 11:36:00 UTC] PHP   1. {main}() D:\php\photo_gallery_NSh11522_TZh96818\photo_list.php:0
[30-Jul-2020 11:36:06 UTC] PHP Notice:  Undefined index: action in D:\php\photo_gallery_NSh11522_TZh96818\photo_list.php on line 31
[30-Jul-2020 11:36:06 UTC] PHP Stack trace:
[30-Jul-2020 11:36:06 UTC] PHP   1. {main}() D:\php\photo_gallery_NSh11522_TZh96818\photo_list.php:0
[30-Jul-2020 11:36:07 UTC] PHP Notice:  Undefined index: action in D:\php\photo_gallery_NSh11522_TZh96818\photo_list.php on line 31
[30-Jul-2020 11:36:07 UTC] PHP Stack trace:
[30-Jul-2020 11:36:07 UTC] PHP   1. {main}() D:\php\photo_gallery_NSh11522_TZh96818\photo_list.php:0
[30-Jul-2020 11:36:08 UTC] PHP Notice:  Undefined index: action in D:\php\photo_gallery_NSh11522_TZh96818\photo_list.php on line 31
[30-Jul-2020 11:36:08 UTC] PHP Stack trace:
[30-Jul-2020 11:36:08 UTC] PHP   1. {main}() D:\php\photo_gallery_NSh11522_TZh96818\photo_list.php:0
[30-Jul-2020 11:36:36 UTC] PHP Notice:  Undefined index: action in D:\php\photo_gallery_NSh11522_TZh96818\photo_list.php on line 31
[30-Jul-2020 11:36:36 UTC] PHP Stack trace:
[30-Jul-2020 11:36:36 UTC] PHP   1. {main}() D:\php\photo_gallery_NSh11522_TZh96818\photo_list.php:0
[30-Jul-2020 11:36:51 UTC] PHP Notice:  Undefined index: action in D:\php\photo_gallery_NSh11522_TZh96818\photo_list.php on line 31
[30-Jul-2020 11:36:51 UTC] PHP Stack trace:
[30-Jul-2020 11:36:51 UTC] PHP   1. {main}() D:\php\photo_gallery_NSh11522_TZh96818\photo_list.php:0
[30-Jul-2020 11:37:13 UTC] PHP Notice:  Undefined index: action in D:\php\photo_gallery_NSh11522_TZh96818\photo_list.php on line 31
[30-Jul-2020 11:37:13 UTC] PHP Stack trace:
[30-Jul-2020 11:37:13 UTC] PHP   1. {main}() D:\php\photo_gallery_NSh11522_TZh96818\photo_list.php:0
[30-Jul-2020 11:38:11 UTC] PHP Notice:  Undefined index: display_name in D:\php\photo_gallery_NSh11522_TZh96818\photo_list.php on line 32
[30-Jul-2020 11:38:11 UTC] PHP Stack trace:
[30-Jul-2020 11:38:11 UTC] PHP   1. {main}() D:\php\photo_gallery_NSh11522_TZh96818\photo_list.php:0
[30-Jul-2020 11:38:11 UTC] PHP Notice:  Undefined index: description in D:\php\photo_gallery_NSh11522_TZh96818\photo_list.php on line 33
[30-Jul-2020 11:38:11 UTC] PHP Stack trace:
[30-Jul-2020 11:38:11 UTC] PHP   1. {main}() D:\php\photo_gallery_NSh11522_TZh96818\photo_list.php:0
[30-Jul-2020 11:38:11 UTC] PHP Fatal error:  Uncaught TypeError: Argument 1 passed to PhotoDAO::updatePhoto() must be an instance of Photo, array given, called in D:\php\photo_gallery_NSh11522_TZh96818\photo_list.php on line 35 and defined in D:\php\photo_gallery_NSh11522_TZh96818\inc\Utilities\PhotoDAO.class.php:59
Stack trace:
#0 D:\php\photo_gallery_NSh11522_TZh96818\photo_list.php(35): PhotoDAO::updatePhoto(Array)
#1 {main}
  thrown in D:\php\photo_gallery_NSh11522_TZh96818\inc\Utilities\PhotoDAO.class.php on line 59
[30-Jul-2020 11:38:36 UTC] PHP Notice:  Undefined index: display_name in D:\php\photo_gallery_NSh11522_TZh96818\photo_list.php on line 32
[30-Jul-2020 11:38:36 UTC] PHP Stack trace:
[30-Jul-2020 11:38:36 UTC] PHP   1. {main}() D:\php\photo_gallery_NSh11522_TZh96818\photo_list.php:0
[30-Jul-2020 11:38:36 UTC] PHP Notice:  Undefined index: description in D:\php\photo_gallery_NSh11522_TZh96818\photo_list.php on line 33
[30-Jul-2020 11:38:36 UTC] PHP Stack trace:
[30-Jul-2020 11:38:36 UTC] PHP   1. {main}() D:\php\photo_gallery_NSh11522_TZh96818\photo_list.php:0
[30-Jul-2020 11:38:36 UTC] PHP Fatal error:  Uncaught TypeError: Argument 1 passed to PhotoDAO::updatePhoto() must be an instance of Photo, array given, called in D:\php\photo_gallery_NSh11522_TZh96818\photo_list.php on line 35 and defined in D:\php\photo_gallery_NSh11522_TZh96818\inc\Utilities\PhotoDAO.class.php:59
Stack trace:
#0 D:\php\photo_gallery_NSh11522_TZh96818\photo_list.php(35): PhotoDAO::updatePhoto(Array)
#1 {main}
  thrown in D:\php\photo_gallery_NSh11522_TZh96818\inc\Utilities\PhotoDAO.class.php on line 59
[30-Jul-2020 11:42:30 UTC] PHP Notice:  Undefined index: display_name in D:\php\photo_gallery_NSh11522_TZh96818\photo_list.php on line 32
[30-Jul-2020 11:42:30 UTC] PHP Stack trace:
[30-Jul-2020 11:42:30 UTC] PHP   1. {main}() D:\php\photo_gallery_NSh11522_TZh96818\photo_list.php:0
[30-Jul-2020 11:42:30 UTC] PHP Notice:  Undefined index: description in D:\php\photo_gallery_NSh11522_TZh96818\photo_list.php on line 33
[30-Jul-2020 11:42:30 UTC] PHP Stack trace:
[30-Jul-2020 11:42:30 UTC] PHP   1. {main}() D:\php\photo_gallery_NSh11522_TZh96818\photo_list.php:0
[30-Jul-2020 11:42:30 UTC] PHP Fatal error:  Uncaught TypeError: Argument 1 passed to PhotoDAO::updatePhoto() must be an instance of Photo, array given, called in D:\php\photo_gallery_NSh11522_TZh96818\photo_list.php on line 35 and defined in D:\php\photo_gallery_NSh11522_TZh96818\inc\Utilities\PhotoDAO.class.php:59
Stack trace:
#0 D:\php\photo_gallery_NSh11522_TZh96818\photo_list.php(35): PhotoDAO::updatePhoto(Array)
#1 {main}
  thrown in D:\php\photo_gallery_NSh11522_TZh96818\inc\Utilities\PhotoDAO.class.php on line 59
[30-Jul-2020 11:43:57 UTC] PHP Notice:  Undefined index: display_name in D:\php\photo_gallery_NSh11522_TZh96818\photo_list.php on line 32
[30-Jul-2020 11:43:57 UTC] PHP Stack trace:
[30-Jul-2020 11:43:57 UTC] PHP   1. {main}() D:\php\photo_gallery_NSh11522_TZh96818\photo_list.php:0
[30-Jul-2020 11:43:57 UTC] PHP Notice:  Undefined index: description in D:\php\photo_gallery_NSh11522_TZh96818\photo_list.php on line 33
[30-Jul-2020 11:43:57 UTC] PHP Stack trace:
[30-Jul-2020 11:43:57 UTC] PHP   1. {main}() D:\php\photo_gallery_NSh11522_TZh96818\photo_list.php:0
[30-Jul-2020 11:43:57 UTC] PHP Fatal error:  Uncaught Error: Call to a member function getDisplay_name() on array in D:\php\photo_gallery_NSh11522_TZh96818\inc\Utilities\PhotoDAO.class.php:70
Stack trace:
#0 D:\php\photo_gallery_NSh11522_TZh96818\photo_list.php(35): PhotoDAO::updatePhoto(Array)
#1 {main}
  thrown in D:\php\photo_gallery_NSh11522_TZh96818\inc\Utilities\PhotoDAO.class.php on line 70
[30-Jul-2020 11:44:10 UTC] PHP Notice:  Undefined index: display_name in D:\php\photo_gallery_NSh11522_TZh96818\photo_list.php on line 32
[30-Jul-2020 11:44:10 UTC] PHP Stack trace:
[30-Jul-2020 11:44:10 UTC] PHP   1. {main}() D:\php\photo_gallery_NSh11522_TZh96818\photo_list.php:0
[30-Jul-2020 11:44:10 UTC] PHP Notice:  Undefined index: description in D:\php\photo_gallery_NSh11522_TZh96818\photo_list.php on line 33
[30-Jul-2020 11:44:10 UTC] PHP Stack trace:
[30-Jul-2020 11:44:10 UTC] PHP   1. {main}() D:\php\photo_gallery_NSh11522_TZh96818\photo_list.php:0
[30-Jul-2020 11:44:10 UTC] PHP Fatal error:  Uncaught TypeError: Argument 1 passed to PhotoDAO::updatePhoto() must be an instance of Photo, array given, called in D:\php\photo_gallery_NSh11522_TZh96818\photo_list.php on line 35 and defined in D:\php\photo_gallery_NSh11522_TZh96818\inc\Utilities\PhotoDAO.class.php:59
Stack trace:
#0 D:\php\photo_gallery_NSh11522_TZh96818\photo_list.php(35): PhotoDAO::updatePhoto(Array)
#1 {main}
  thrown in D:\php\photo_gallery_NSh11522_TZh96818\inc\Utilities\PhotoDAO.class.php on line 59
[30-Jul-2020 11:44:42 UTC] PHP Notice:  Undefined index: display_name in D:\php\photo_gallery_NSh11522_TZh96818\photo_list.php on line 32
[30-Jul-2020 11:44:42 UTC] PHP Stack trace:
[30-Jul-2020 11:44:42 UTC] PHP   1. {main}() D:\php\photo_gallery_NSh11522_TZh96818\photo_list.php:0
[30-Jul-2020 11:44:42 UTC] PHP Notice:  Undefined index: description in D:\php\photo_gallery_NSh11522_TZh96818\photo_list.php on line 33
[30-Jul-2020 11:44:42 UTC] PHP Stack trace:
[30-Jul-2020 11:44:42 UTC] PHP   1. {main}() D:\php\photo_gallery_NSh11522_TZh96818\photo_list.php:0
[30-Jul-2020 11:45:20 UTC] PHP Notice:  Undefined index: display_name in D:\php\photo_gallery_NSh11522_TZh96818\photo_list.php on line 32
[30-Jul-2020 11:45:20 UTC] PHP Stack trace:
[30-Jul-2020 11:45:20 UTC] PHP   1. {main}() D:\php\photo_gallery_NSh11522_TZh96818\photo_list.php:0
[30-Jul-2020 11:45:20 UTC] PHP Notice:  Undefined index: description in D:\php\photo_gallery_NSh11522_TZh96818\photo_list.php on line 33
[30-Jul-2020 11:45:20 UTC] PHP Stack trace:
[30-Jul-2020 11:45:20 UTC] PHP   1. {main}() D:\php\photo_gallery_NSh11522_TZh96818\photo_list.php:0
[30-Jul-2020 11:45:39 UTC] PHP Notice:  Undefined index: display_name in D:\php\photo_gallery_NSh11522_TZh96818\photo_list.php on line 32
[30-Jul-2020 11:45:39 UTC] PHP Stack trace:
[30-Jul-2020 11:45:39 UTC] PHP   1. {main}() D:\php\photo_gallery_NSh11522_TZh96818\photo_list.php:0
[30-Jul-2020 11:45:39 UTC] PHP Notice:  Undefined index: description in D:\php\photo_gallery_NSh11522_TZh96818\photo_list.php on line 33
[30-Jul-2020 11:45:39 UTC] PHP Stack trace:
[30-Jul-2020 11:45:39 UTC] PHP   1. {main}() D:\php\photo_gallery_NSh11522_TZh96818\photo_list.php:0
[30-Jul-2020 11:46:08 UTC] PHP Notice:  Undefined index: display_name in D:\php\photo_gallery_NSh11522_TZh96818\photo_list.php on line 32
[30-Jul-2020 11:46:08 UTC] PHP Stack trace:
[30-Jul-2020 11:46:08 UTC] PHP   1. {main}() D:\php\photo_gallery_NSh11522_TZh96818\photo_list.php:0
[30-Jul-2020 11:46:08 UTC] PHP Notice:  Undefined index: description in D:\php\photo_gallery_NSh11522_TZh96818\photo_list.php on line 33
[30-Jul-2020 11:46:08 UTC] PHP Stack trace:
[30-Jul-2020 11:46:08 UTC] PHP   1. {main}() D:\php\photo_gallery_NSh11522_TZh96818\photo_list.php:0
[30-Jul-2020 11:50:48 UTC] PHP Notice:  Undefined property: Photo::$getDisplay_name in D:\php\photo_gallery_NSh11522_TZh96818\photo_list.php on line 30
[30-Jul-2020 11:50:48 UTC] PHP Stack trace:
[30-Jul-2020 11:50:48 UTC] PHP   1. {main}() D:\php\photo_gallery_NSh11522_TZh96818\photo_list.php:0
[30-Jul-2020 11:52:22 UTC] PHP Notice:  Undefined index: display_name in D:\php\photo_gallery_NSh11522_TZh96818\photo_list.php on line 30
[30-Jul-2020 11:52:22 UTC] PHP Stack trace:
[30-Jul-2020 11:52:22 UTC] PHP   1. {main}() D:\php\photo_gallery_NSh11522_TZh96818\photo_list.php:0
[30-Jul-2020 11:56:00 UTC] PHP Notice:  Undefined index: display_name in D:\php\photo_gallery_NSh11522_TZh96818\photo_list.php on line 34
[30-Jul-2020 11:56:00 UTC] PHP Stack trace:
[30-Jul-2020 11:56:00 UTC] PHP   1. {main}() D:\php\photo_gallery_NSh11522_TZh96818\photo_list.php:0
[30-Jul-2020 11:56:00 UTC] PHP Notice:  Undefined index: description in D:\php\photo_gallery_NSh11522_TZh96818\photo_list.php on line 35
[30-Jul-2020 11:56:00 UTC] PHP Stack trace:
[30-Jul-2020 11:56:00 UTC] PHP   1. {main}() D:\php\photo_gallery_NSh11522_TZh96818\photo_list.php:0
[30-Jul-2020 11:57:58 UTC] PHP Notice:  Undefined index: display_name in D:\php\photo_gallery_NSh11522_TZh96818\photo_list.php on line 34
[30-Jul-2020 11:57:58 UTC] PHP Stack trace:
[30-Jul-2020 11:57:58 UTC] PHP   1. {main}() D:\php\photo_gallery_NSh11522_TZh96818\photo_list.php:0
[30-Jul-2020 11:57:58 UTC] PHP Notice:  Undefined index: description in D:\php\photo_gallery_NSh11522_TZh96818\photo_list.php on line 35
[30-Jul-2020 11:57:58 UTC] PHP Stack trace:
[30-Jul-2020 11:57:58 UTC] PHP   1. {main}() D:\php\photo_gallery_NSh11522_TZh96818\photo_list.php:0
[30-Jul-2020 11:57:59 UTC] PHP Notice:  Undefined index: display_name in D:\php\photo_gallery_NSh11522_TZh96818\photo_list.php on line 34
[30-Jul-2020 11:57:59 UTC] PHP Stack trace:
[30-Jul-2020 11:57:59 UTC] PHP   1. {main}() D:\php\photo_gallery_NSh11522_TZh96818\photo_list.php:0
[30-Jul-2020 11:57:59 UTC] PHP Notice:  Undefined index: description in D:\php\photo_gallery_NSh11522_TZh96818\photo_list.php on line 35
[30-Jul-2020 11:57:59 UTC] PHP Stack trace:
[30-Jul-2020 11:57:59 UTC] PHP   1. {main}() D:\php\photo_gallery_NSh11522_TZh96818\photo_list.php:0
[30-Jul-2020 11:58:04 UTC] PHP Notice:  Undefined index: display_name in D:\php\photo_gallery_NSh11522_TZh96818\photo_list.php on line 34
[30-Jul-2020 11:58:04 UTC] PHP Stack trace:
[30-Jul-2020 11:58:04 UTC] PHP   1. {main}() D:\php\photo_gallery_NSh11522_TZh96818\photo_list.php:0
[30-Jul-2020 11:58:04 UTC] PHP Notice:  Undefined index: description in D:\php\photo_gallery_NSh11522_TZh96818\photo_list.php on line 35
[30-Jul-2020 11:58:04 UTC] PHP Stack trace:
[30-Jul-2020 11:58:04 UTC] PHP   1. {main}() D:\php\photo_gallery_NSh11522_TZh96818\photo_list.php:0
[30-Jul-2020 11:58:12 UTC] PHP Notice:  Undefined index: display_name in D:\php\photo_gallery_NSh11522_TZh96818\photo_list.php on line 34
[30-Jul-2020 11:58:12 UTC] PHP Stack trace:
[30-Jul-2020 11:58:12 UTC] PHP   1. {main}() D:\php\photo_gallery_NSh11522_TZh96818\photo_list.php:0
[30-Jul-2020 11:58:12 UTC] PHP Notice:  Undefined index: description in D:\php\photo_gallery_NSh11522_TZh96818\photo_list.php on line 35
[30-Jul-2020 11:58:12 UTC] PHP Stack trace:
[30-Jul-2020 11:58:12 UTC] PHP   1. {main}() D:\php\photo_gallery_NSh11522_TZh96818\photo_list.php:0
[30-Jul-2020 11:59:28 UTC] PHP Notice:  Undefined index: display_name in D:\php\photo_gallery_NSh11522_TZh96818\photo_list.php on line 34
[30-Jul-2020 11:59:28 UTC] PHP Stack trace:
[30-Jul-2020 11:59:28 UTC] PHP   1. {main}() D:\php\photo_gallery_NSh11522_TZh96818\photo_list.php:0
[30-Jul-2020 11:59:28 UTC] PHP Notice:  Undefined index: description in D:\php\photo_gallery_NSh11522_TZh96818\photo_list.php on line 35
[30-Jul-2020 11:59:28 UTC] PHP Stack trace:
[30-Jul-2020 11:59:28 UTC] PHP   1. {main}() D:\php\photo_gallery_NSh11522_TZh96818\photo_list.php:0
[30-Jul-2020 12:00:16 UTC] PHP Notice:  Undefined index: display_name in D:\php\photo_gallery_NSh11522_TZh96818\photo_list.php on line 34
[30-Jul-2020 12:00:16 UTC] PHP Stack trace:
[30-Jul-2020 12:00:16 UTC] PHP   1. {main}() D:\php\photo_gallery_NSh11522_TZh96818\photo_list.php:0
[30-Jul-2020 12:00:16 UTC] PHP Notice:  Undefined index: description in D:\php\photo_gallery_NSh11522_TZh96818\photo_list.php on line 35
[30-Jul-2020 12:00:16 UTC] PHP Stack trace:
[30-Jul-2020 12:00:16 UTC] PHP   1. {main}() D:\php\photo_gallery_NSh11522_TZh96818\photo_list.php:0
[30-Jul-2020 12:00:16 UTC] PHP Notice:  Undefined index: display_name in D:\php\photo_gallery_NSh11522_TZh96818\photo_list.php on line 34
[30-Jul-2020 12:00:16 UTC] PHP Stack trace:
[30-Jul-2020 12:00:16 UTC] PHP   1. {main}() D:\php\photo_gallery_NSh11522_TZh96818\photo_list.php:0
[30-Jul-2020 12:00:16 UTC] PHP Notice:  Undefined index: description in D:\php\photo_gallery_NSh11522_TZh96818\photo_list.php on line 35
[30-Jul-2020 12:00:16 UTC] PHP Stack trace:
[30-Jul-2020 12:00:16 UTC] PHP   1. {main}() D:\php\photo_gallery_NSh11522_TZh96818\photo_list.php:0
[30-Jul-2020 12:02:27 UTC] PHP Notice:  Undefined index: PhotoID in D:\php\photo_gallery_NSh11522_TZh96818\photo_list.php on line 36
[30-Jul-2020 12:02:27 UTC] PHP Stack trace:
[30-Jul-2020 12:02:27 UTC] PHP   1. {main}() D:\php\photo_gallery_NSh11522_TZh96818\photo_list.php:0
[30-Jul-2020 13:06:08 UTC] PHP Fatal error:  Uncaught Error: Call to undefined method PDOAgent::debugDumpParams() in D:\php\photo_gallery_NSh11522_TZh96818\inc\Utilities\PhotoDAO.class.php:101
Stack trace:
#0 D:\php\photo_gallery_NSh11522_TZh96818\photo_list.php(29): PhotoDAO::deletePhoto('13')
#1 {main}
  thrown in D:\php\photo_gallery_NSh11522_TZh96818\inc\Utilities\PhotoDAO.class.php on line 101
[30-Jul-2020 13:08:25 UTC] PHP Fatal error:  Uncaught Error: Call to undefined method PDOAgent::debugDumpParams() in D:\php\photo_gallery_NSh11522_TZh96818\inc\Utilities\PhotoDAO.class.php:101
Stack trace:
#0 D:\php\photo_gallery_NSh11522_TZh96818\photo_list.php(29): PhotoDAO::deletePhoto('12')
#1 {main}
  thrown in D:\php\photo_gallery_NSh11522_TZh96818\inc\Utilities\PhotoDAO.class.php on line 101
[30-Jul-2020 13:22:10 UTC] PHP Fatal error:  Uncaught Error: Call to undefined method PDOAgent::debugDumpParams() in D:\php\photo_gallery_NSh11522_TZh96818\inc\Utilities\PhotoDAO.class.php:101
Stack trace:
#0 D:\php\photo_gallery_NSh11522_TZh96818\photo_list.php(30): PhotoDAO::deletePhoto('14')
#1 {main}
  thrown in D:\php\photo_gallery_NSh11522_TZh96818\inc\Utilities\PhotoDAO.class.php on line 101
[30-Jul-2020 13:26:50 UTC] PHP Fatal error:  Uncaught Error: Call to undefined method PDOAgent::debugDumpParams() in D:\php\photo_gallery_NSh11522_TZh96818\inc\Utilities\PhotoDAO.class.php:101
Stack trace:
#0 D:\php\photo_gallery_NSh11522_TZh96818\photo_list.php(32): PhotoDAO::deletePhoto('15')
#1 {main}
  thrown in D:\php\photo_gallery_NSh11522_TZh96818\inc\Utilities\PhotoDAO.class.php on line 101
[30-Jul-2020 13:28:22 UTC] PHP Fatal error:  Uncaught Error: Call to undefined method PDOAgent::debugDumpParams() in D:\php\photo_gallery_NSh11522_TZh96818\inc\Utilities\PhotoDAO.class.php:101
Stack trace:
#0 D:\php\photo_gallery_NSh11522_TZh96818\photo_list.php(32): PhotoDAO::deletePhoto('19')
#1 {main}
  thrown in D:\php\photo_gallery_NSh11522_TZh96818\inc\Utilities\PhotoDAO.class.php on line 101
[30-Jul-2020 13:28:24 UTC] PHP Notice:  Undefined variable: photo_list in D:\php\photo_gallery_NSh11522_TZh96818\photo_list.php on line 59
[30-Jul-2020 13:28:24 UTC] PHP Stack trace:
[30-Jul-2020 13:28:24 UTC] PHP   1. {main}() D:\php\photo_gallery_NSh11522_TZh96818\photo_list.php:0
[30-Jul-2020 13:28:24 UTC] PHP Warning:  Invalid argument supplied for foreach() in D:\php\photo_gallery_NSh11522_TZh96818\inc\Entities\Page.class.php on line 188
[30-Jul-2020 13:28:24 UTC] PHP Stack trace:
[30-Jul-2020 13:28:24 UTC] PHP   1. {main}() D:\php\photo_gallery_NSh11522_TZh96818\photo_list.php:0
[30-Jul-2020 13:28:24 UTC] PHP   2. Page::displayPhotolist() D:\php\photo_gallery_NSh11522_TZh96818\photo_list.php:59
[30-Jul-2020 13:28:26 UTC] PHP Notice:  Undefined variable: photo_list in D:\php\photo_gallery_NSh11522_TZh96818\photo_list.php on line 38
[30-Jul-2020 13:28:26 UTC] PHP Stack trace:
[30-Jul-2020 13:28:26 UTC] PHP   1. {main}() D:\php\photo_gallery_NSh11522_TZh96818\photo_list.php:0
[30-Jul-2020 13:28:26 UTC] PHP Warning:  Invalid argument supplied for foreach() in D:\php\photo_gallery_NSh11522_TZh96818\inc\Entities\Page.class.php on line 266
[30-Jul-2020 13:28:26 UTC] PHP Stack trace:
[30-Jul-2020 13:28:26 UTC] PHP   1. {main}() D:\php\photo_gallery_NSh11522_TZh96818\photo_list.php:0
[30-Jul-2020 13:28:26 UTC] PHP   2. Page::editPhotoForm() D:\php\photo_gallery_NSh11522_TZh96818\photo_list.php:38
[30-Jul-2020 13:28:27 UTC] PHP Notice:  Undefined variable: photo_list in D:\php\photo_gallery_NSh11522_TZh96818\photo_list.php on line 59
[30-Jul-2020 13:28:27 UTC] PHP Stack trace:
[30-Jul-2020 13:28:27 UTC] PHP   1. {main}() D:\php\photo_gallery_NSh11522_TZh96818\photo_list.php:0
[30-Jul-2020 13:28:27 UTC] PHP Warning:  Invalid argument supplied for foreach() in D:\php\photo_gallery_NSh11522_TZh96818\inc\Entities\Page.class.php on line 188
[30-Jul-2020 13:28:27 UTC] PHP Stack trace:
[30-Jul-2020 13:28:27 UTC] PHP   1. {main}() D:\php\photo_gallery_NSh11522_TZh96818\photo_list.php:0
[30-Jul-2020 13:28:27 UTC] PHP   2. Page::displayPhotolist() D:\php\photo_gallery_NSh11522_TZh96818\photo_list.php:59
[30-Jul-2020 13:28:28 UTC] PHP Notice:  Undefined variable: photo_list in D:\php\photo_gallery_NSh11522_TZh96818\photo_list.php on line 38
[30-Jul-2020 13:28:28 UTC] PHP Stack trace:
[30-Jul-2020 13:28:28 UTC] PHP   1. {main}() D:\php\photo_gallery_NSh11522_TZh96818\photo_list.php:0
[30-Jul-2020 13:28:28 UTC] PHP Warning:  Invalid argument supplied for foreach() in D:\php\photo_gallery_NSh11522_TZh96818\inc\Entities\Page.class.php on line 266
[30-Jul-2020 13:28:28 UTC] PHP Stack trace:
[30-Jul-2020 13:28:28 UTC] PHP   1. {main}() D:\php\photo_gallery_NSh11522_TZh96818\photo_list.php:0
[30-Jul-2020 13:28:28 UTC] PHP   2. Page::editPhotoForm() D:\php\photo_gallery_NSh11522_TZh96818\photo_list.php:38
[30-Jul-2020 13:35:36 UTC] PHP Fatal error:  Uncaught Error: Call to a member function getId() on bool in D:\php\photo_gallery_NSh11522_TZh96818\photo_list.php:24
Stack trace:
#0 {main}
  thrown in D:\php\photo_gallery_NSh11522_TZh96818\photo_list.php on line 24
[30-Jul-2020 13:39:43 UTC] PHP Fatal error:  Uncaught Error: Call to a member function getId() on bool in D:\php\photo_gallery_NSh11522_TZh96818\photo_list.php:24
Stack trace:
#0 {main}
  thrown in D:\php\photo_gallery_NSh11522_TZh96818\photo_list.php on line 24
[30-Jul-2020 14:39:28 UTC] PHP Fatal error:  Uncaught Error: Function name must be a string in D:\php\photo_gallery_NSh11522_TZh96818\admin_panel.php:15
Stack trace:
#0 {main}
  thrown in D:\php\photo_gallery_NSh11522_TZh96818\admin_panel.php on line 15
[30-Jul-2020 14:41:44 UTC] PHP Fatal error:  Uncaught Error: Function name must be a string in D:\php\photo_gallery_NSh11522_TZh96818\admin_panel.php:15
Stack trace:
#0 {main}
  thrown in D:\php\photo_gallery_NSh11522_TZh96818\admin_panel.php on line 15
[30-Jul-2020 14:41:55 UTC] PHP Fatal error:  Uncaught Error: Function name must be a string in D:\php\photo_gallery_NSh11522_TZh96818\admin_panel.php:15
Stack trace:
#0 {main}
  thrown in D:\php\photo_gallery_NSh11522_TZh96818\admin_panel.php on line 15
[30-Jul-2020 14:41:56 UTC] PHP Fatal error:  Uncaught Error: Function name must be a string in D:\php\photo_gallery_NSh11522_TZh96818\admin_panel.php:15
Stack trace:
#0 {main}
  thrown in D:\php\photo_gallery_NSh11522_TZh96818\admin_panel.php on line 15
[30-Jul-2020 14:42:04 UTC] PHP Fatal error:  Uncaught Error: Function name must be a string in D:\php\photo_gallery_NSh11522_TZh96818\admin_panel.php:15
Stack trace:
#0 {main}
  thrown in D:\php\photo_gallery_NSh11522_TZh96818\admin_panel.php on line 15
[30-Jul-2020 14:42:04 UTC] PHP Fatal error:  Uncaught Error: Function name must be a string in D:\php\photo_gallery_NSh11522_TZh96818\admin_panel.php:15
Stack trace:
#0 {main}
  thrown in D:\php\photo_gallery_NSh11522_TZh96818\admin_panel.php on line 15
[30-Jul-2020 15:36:55 UTC] PHP Fatal error:  Uncaught Error: Call to undefined method PDOAgent::resultSet() in D:\php\photo_gallery_NSh11522_TZh96818\inc\Utilities\PhotoDAO.class.php:93
Stack trace:
#0 D:\php\photo_gallery_NSh11522_TZh96818\admin_panel.php(18): PhotoDAO::getAllPhotos()
#1 {main}
  thrown in D:\php\photo_gallery_NSh11522_TZh96818\inc\Utilities\PhotoDAO.class.php on line 93
[30-Jul-2020 15:37:49 UTC] PHP Fatal error:  Uncaught Error: Cannot access private property Photo::$file_path in D:\php\photo_gallery_NSh11522_TZh96818\inc\Entities\Page.class.php:312
Stack trace:
#0 D:\php\photo_gallery_NSh11522_TZh96818\admin_panel.php(19): Page::displayPhotoGrid(Array)
#1 {main}
  thrown in D:\php\photo_gallery_NSh11522_TZh96818\inc\Entities\Page.class.php on line 312
[30-Jul-2020 15:39:23 UTC] PHP Fatal error:  Uncaught Error: Cannot use object of type Photo as array in D:\php\photo_gallery_NSh11522_TZh96818\inc\Entities\Page.class.php:311
Stack trace:
#0 D:\php\photo_gallery_NSh11522_TZh96818\admin_panel.php(19): Page::displayPhotoGrid(Array)
#1 {main}
  thrown in D:\php\photo_gallery_NSh11522_TZh96818\inc\Entities\Page.class.php on line 311
[30-Jul-2020 16:58:22 UTC] PHP Parse error:  syntax error, unexpected end of file in D:\php\photo_gallery_NSh11522_TZh96818\inc\Entities\Page.class.php on line 350
[30-Jul-2020 16:58:58 UTC] PHP Fatal error:  Uncaught Error: Call to undefined method PDOAgent::resultSet() in D:\php\photo_gallery_NSh11522_TZh96818\inc\Utilities\UserDAO.class.php:60
Stack trace:
#0 D:\php\photo_gallery_NSh11522_TZh96818\admin_panel.php(23): UserDAO::getUsers()
#1 {main}
  thrown in D:\php\photo_gallery_NSh11522_TZh96818\inc\Utilities\UserDAO.class.php on line 60
[30-Jul-2020 17:15:10 UTC] PHP Notice:  Undefined variable: u in D:\php\photo_gallery_NSh11522_TZh96818\admin_panel.php on line 28
[30-Jul-2020 17:15:10 UTC] PHP Stack trace:
[30-Jul-2020 17:15:10 UTC] PHP   1. {main}() D:\php\photo_gallery_NSh11522_TZh96818\admin_panel.php:0
[30-Jul-2020 17:15:10 UTC] PHP Warning:  Invalid argument supplied for foreach() in D:\php\photo_gallery_NSh11522_TZh96818\inc\Entities\Page.class.php on line 338
[30-Jul-2020 17:15:10 UTC] PHP Stack trace:
[30-Jul-2020 17:15:10 UTC] PHP   1. {main}() D:\php\photo_gallery_NSh11522_TZh96818\admin_panel.php:0
[30-Jul-2020 17:15:10 UTC] PHP   2. Page::displayUserlist() D:\php\photo_gallery_NSh11522_TZh96818\admin_panel.php:28
[30-Jul-2020 17:15:32 UTC] PHP Notice:  Undefined variable: u in D:\php\photo_gallery_NSh11522_TZh96818\admin_panel.php on line 28
[30-Jul-2020 17:15:32 UTC] PHP Stack trace:
[30-Jul-2020 17:15:32 UTC] PHP   1. {main}() D:\php\photo_gallery_NSh11522_TZh96818\admin_panel.php:0
[30-Jul-2020 17:15:32 UTC] PHP Warning:  Invalid argument supplied for foreach() in D:\php\photo_gallery_NSh11522_TZh96818\inc\Entities\Page.class.php on line 338
[30-Jul-2020 17:15:32 UTC] PHP Stack trace:
[30-Jul-2020 17:15:32 UTC] PHP   1. {main}() D:\php\photo_gallery_NSh11522_TZh96818\admin_panel.php:0
[30-Jul-2020 17:15:32 UTC] PHP   2. Page::displayUserlist() D:\php\photo_gallery_NSh11522_TZh96818\admin_panel.php:28
[30-Jul-2020 17:15:35 UTC] PHP Notice:  Undefined variable: u in D:\php\photo_gallery_NSh11522_TZh96818\admin_panel.php on line 28
[30-Jul-2020 17:15:35 UTC] PHP Stack trace:
[30-Jul-2020 17:15:35 UTC] PHP   1. {main}() D:\php\photo_gallery_NSh11522_TZh96818\admin_panel.php:0
[30-Jul-2020 17:15:35 UTC] PHP Warning:  Invalid argument supplied for foreach() in D:\php\photo_gallery_NSh11522_TZh96818\inc\Entities\Page.class.php on line 338
[30-Jul-2020 17:15:35 UTC] PHP Stack trace:
[30-Jul-2020 17:15:36 UTC] PHP   1. {main}() D:\php\photo_gallery_NSh11522_TZh96818\admin_panel.php:0
[30-Jul-2020 17:15:36 UTC] PHP   2. Page::displayUserlist() D:\php\photo_gallery_NSh11522_TZh96818\admin_panel.php:28
[30-Jul-2020 17:15:39 UTC] PHP Notice:  Undefined variable: u in D:\php\photo_gallery_NSh11522_TZh96818\admin_panel.php on line 28
[30-Jul-2020 17:15:39 UTC] PHP Stack trace:
[30-Jul-2020 17:15:39 UTC] PHP   1. {main}() D:\php\photo_gallery_NSh11522_TZh96818\admin_panel.php:0
[30-Jul-2020 17:15:39 UTC] PHP Warning:  Invalid argument supplied for foreach() in D:\php\photo_gallery_NSh11522_TZh96818\inc\Entities\Page.class.php on line 338
[30-Jul-2020 17:15:39 UTC] PHP Stack trace:
[30-Jul-2020 17:15:39 UTC] PHP   1. {main}() D:\php\photo_gallery_NSh11522_TZh96818\admin_panel.php:0
[30-Jul-2020 17:15:39 UTC] PHP   2. Page::displayUserlist() D:\php\photo_gallery_NSh11522_TZh96818\admin_panel.php:28
[30-Jul-2020 17:15:46 UTC] PHP Notice:  Undefined variable: u in D:\php\photo_gallery_NSh11522_TZh96818\admin_panel.php on line 28
[30-Jul-2020 17:15:46 UTC] PHP Stack trace:
[30-Jul-2020 17:15:46 UTC] PHP   1. {main}() D:\php\photo_gallery_NSh11522_TZh96818\admin_panel.php:0
[30-Jul-2020 17:15:46 UTC] PHP Warning:  Invalid argument supplied for foreach() in D:\php\photo_gallery_NSh11522_TZh96818\inc\Entities\Page.class.php on line 338
[30-Jul-2020 17:15:46 UTC] PHP Stack trace:
[30-Jul-2020 17:15:46 UTC] PHP   1. {main}() D:\php\photo_gallery_NSh11522_TZh96818\admin_panel.php:0
[30-Jul-2020 17:15:46 UTC] PHP   2. Page::displayUserlist() D:\php\photo_gallery_NSh11522_TZh96818\admin_panel.php:28
[30-Jul-2020 17:16:38 UTC] PHP Fatal error:  Uncaught PDOException: SQLSTATE[42000]: Syntax error or access violation: 1064 You have an error in your SQL syntax; check the manual that corresponds to your MySQL server version for the right syntax to use near '%' at line 1 in D:\php\photo_gallery_NSh11522_TZh96818\inc\Utilities\PDOAgent.class.php:74
Stack trace:
#0 D:\php\photo_gallery_NSh11522_TZh96818\inc\Utilities\PDOAgent.class.php(74): PDOStatement->execute()
#1 D:\php\photo_gallery_NSh11522_TZh96818\inc\Utilities\UserDAO.class.php(70): PDOAgent->execute()
#2 D:\php\photo_gallery_NSh11522_TZh96818\admin_panel.php(28): UserDAO::SearchUser('u')
#3 {main}
  thrown in D:\php\photo_gallery_NSh11522_TZh96818\inc\Utilities\PDOAgent.class.php on line 74
[30-Jul-2020 17:16:57 UTC] PHP Fatal error:  Uncaught PDOException: SQLSTATE[42000]: Syntax error or access violation: 1064 You have an error in your SQL syntax; check the manual that corresponds to your MySQL server version for the right syntax to use near '='us' %' at line 1 in D:\php\photo_gallery_NSh11522_TZh96818\inc\Utilities\PDOAgent.class.php:74
Stack trace:
#0 D:\php\photo_gallery_NSh11522_TZh96818\inc\Utilities\PDOAgent.class.php(74): PDOStatement->execute()
#1 D:\php\photo_gallery_NSh11522_TZh96818\inc\Utilities\UserDAO.class.php(70): PDOAgent->execute()
#2 D:\php\photo_gallery_NSh11522_TZh96818\admin_panel.php(28): UserDAO::SearchUser('us')
#3 {main}
  thrown in D:\php\photo_gallery_NSh11522_TZh96818\inc\Utilities\PDOAgent.class.php on line 74
[30-Jul-2020 17:17:08 UTC] PHP Fatal error:  Uncaught PDOException: SQLSTATE[42000]: Syntax error or access violation: 1064 You have an error in your SQL syntax; check the manual that corresponds to your MySQL server version for the right syntax to use near '='us'%' at line 1 in D:\php\photo_gallery_NSh11522_TZh96818\inc\Utilities\PDOAgent.class.php:74
Stack trace:
#0 D:\php\photo_gallery_NSh11522_TZh96818\inc\Utilities\PDOAgent.class.php(74): PDOStatement->execute()
#1 D:\php\photo_gallery_NSh11522_TZh96818\inc\Utilities\UserDAO.class.php(70): PDOAgent->execute()
#2 D:\php\photo_gallery_NSh11522_TZh96818\admin_panel.php(28): UserDAO::SearchUser('us')
#3 {main}
  thrown in D:\php\photo_gallery_NSh11522_TZh96818\inc\Utilities\PDOAgent.class.php on line 74
[30-Jul-2020 17:17:13 UTC] PHP Fatal error:  Uncaught PDOException: SQLSTATE[42000]: Syntax error or access violation: 1064 You have an error in your SQL syntax; check the manual that corresponds to your MySQL server version for the right syntax to use near '='user'%' at line 1 in D:\php\photo_gallery_NSh11522_TZh96818\inc\Utilities\PDOAgent.class.php:74
Stack trace:
#0 D:\php\photo_gallery_NSh11522_TZh96818\inc\Utilities\PDOAgent.class.php(74): PDOStatement->execute()
#1 D:\php\photo_gallery_NSh11522_TZh96818\inc\Utilities\UserDAO.class.php(70): PDOAgent->execute()
#2 D:\php\photo_gallery_NSh11522_TZh96818\admin_panel.php(28): UserDAO::SearchUser('user')
#3 {main}
  thrown in D:\php\photo_gallery_NSh11522_TZh96818\inc\Utilities\PDOAgent.class.php on line 74
[30-Jul-2020 17:17:58 UTC] PHP Fatal error:  Uncaught PDOException: SQLSTATE[42000]: Syntax error or access violation: 1064 You have an error in your SQL syntax; check the manual that corresponds to your MySQL server version for the right syntax to use near ':u%' at line 1 in D:\php\photo_gallery_NSh11522_TZh96818\inc\Utilities\PDOAgent.class.php:74
Stack trace:
#0 D:\php\photo_gallery_NSh11522_TZh96818\inc\Utilities\PDOAgent.class.php(74): PDOStatement->execute()
#1 D:\php\photo_gallery_NSh11522_TZh96818\inc\Utilities\UserDAO.class.php(70): PDOAgent->execute()
#2 D:\php\photo_gallery_NSh11522_TZh96818\admin_panel.php(28): UserDAO::SearchUser('user')
#3 {main}
  thrown in D:\php\photo_gallery_NSh11522_TZh96818\inc\Utilities\PDOAgent.class.php on line 74
[30-Jul-2020 17:37:02 UTC] PHP Fatal error:  Uncaught Error: Call to undefined method PDOAgent::debugDumpParams() in D:\php\photo_gallery_NSh11522_TZh96818\inc\Utilities\PhotoDAO.class.php:134
Stack trace:
#0 D:\php\photo_gallery_NSh11522_TZh96818\admin_panel.php(14): PhotoDAO::deleteUserPhoto('2')
#1 {main}
  thrown in D:\php\photo_gallery_NSh11522_TZh96818\inc\Utilities\PhotoDAO.class.php on line 134
[30-Jul-2020 17:40:43 UTC] PHP Fatal error:  Uncaught Error: Call to undefined method PDOAgent::debugDumpParams() in D:\php\photo_gallery_NSh11522_TZh96818\inc\Utilities\PhotoDAO.class.php:134
Stack trace:
#0 D:\php\photo_gallery_NSh11522_TZh96818\admin_panel.php(34): PhotoDAO::deleteUserPhoto('2')
#1 {main}
  thrown in D:\php\photo_gallery_NSh11522_TZh96818\inc\Utilities\PhotoDAO.class.php on line 134
[30-Jul-2020 17:41:27 UTC] PHP Fatal error:  Uncaught Error: Call to undefined method PDOAgent::debugDumpParams() in D:\php\photo_gallery_NSh11522_TZh96818\inc\Utilities\PhotoDAO.class.php:134
Stack trace:
#0 D:\php\photo_gallery_NSh11522_TZh96818\admin_panel.php(34): PhotoDAO::deleteUserPhoto(2)
#1 {main}
  thrown in D:\php\photo_gallery_NSh11522_TZh96818\inc\Utilities\PhotoDAO.class.php on line 134
[30-Jul-2020 17:42:22 UTC] PHP Fatal error:  Uncaught Error: Call to undefined method PDOAgent::debugDumpParams() in D:\php\photo_gallery_NSh11522_TZh96818\inc\Utilities\PhotoDAO.class.php:134
Stack trace:
#0 D:\php\photo_gallery_NSh11522_TZh96818\admin_panel.php(35): PhotoDAO::deleteUserPhoto(2)
#1 {main}
  thrown in D:\php\photo_gallery_NSh11522_TZh96818\inc\Utilities\PhotoDAO.class.php on line 134
[30-Jul-2020 17:43:07 UTC] PHP Fatal error:  Uncaught Error: Call to undefined method PDOAgent::debugDumpParams() in D:\php\photo_gallery_NSh11522_TZh96818\inc\Utilities\PhotoDAO.class.php:134
Stack trace:
#0 D:\php\photo_gallery_NSh11522_TZh96818\admin_panel.php(35): PhotoDAO::deleteUserPhoto(2)
#1 {main}
  thrown in D:\php\photo_gallery_NSh11522_TZh96818\inc\Utilities\PhotoDAO.class.php on line 134
[30-Jul-2020 17:43:52 UTC] PHP Fatal error:  Uncaught Error: Call to undefined method PDOAgent::debugDumpParams() in D:\php\photo_gallery_NSh11522_TZh96818\inc\Utilities\UserDAO.class.php:89
Stack trace:
#0 D:\php\photo_gallery_NSh11522_TZh96818\admin_panel.php(36): UserDAO::delUser(2)
#1 {main}
  thrown in D:\php\photo_gallery_NSh11522_TZh96818\inc\Utilities\UserDAO.class.php on line 89
[30-Jul-2020 17:46:49 UTC] PHP Fatal error:  Uncaught Error: Call to undefined method PDOAgent::debugDumpParams() in D:\php\photo_gallery_NSh11522_TZh96818\inc\Utilities\PhotoDAO.class.php:134
Stack trace:
#0 D:\php\photo_gallery_NSh11522_TZh96818\admin_panel.php(35): PhotoDAO::deleteUserPhoto(4)
#1 {main}
  thrown in D:\php\photo_gallery_NSh11522_TZh96818\inc\Utilities\PhotoDAO.class.php on line 134
[30-Jul-2020 17:50:25 UTC] PHP Fatal error:  Uncaught Error: Call to undefined method PDOAgent::debugDumpParams() in D:\php\photo_gallery_NSh11522_TZh96818\inc\Utilities\PhotoDAO.class.php:134
Stack trace:
#0 D:\php\photo_gallery_NSh11522_TZh96818\admin_panel.php(35): PhotoDAO::deleteUserPhoto('4')
#1 {main}
  thrown in D:\php\photo_gallery_NSh11522_TZh96818\inc\Utilities\PhotoDAO.class.php on line 134
[30-Jul-2020 17:54:23 UTC] PHP Fatal error:  Uncaught Error: Call to undefined method PDOAgent::debugDumpParams() in D:\php\photo_gallery_NSh11522_TZh96818\inc\Utilities\PhotoDAO.class.php:134
Stack trace:
#0 D:\php\photo_gallery_NSh11522_TZh96818\admin_panel.php(35): PhotoDAO::deleteUserPhoto(1)
#1 {main}
  thrown in D:\php\photo_gallery_NSh11522_TZh96818\inc\Utilities\PhotoDAO.class.php on line 134
[30-Jul-2020 23:33:09 UTC] PHP Fatal error:  Uncaught Error: Call to a member function query() on null in D:\php\photo_gallery_NSh11522_TZh96818\inc\Utilities\UserDAO.class.php:67
Stack trace:
#0 D:\php\photo_gallery_NSh11522_TZh96818\inc\Utilities\Validate.class.php(60): UserDAO::SearchUser('user1')
#1 D:\php\photo_gallery_NSh11522_TZh96818\registration_handler.php(17): Validate::validateInput()
#2 {main}
  thrown in D:\php\photo_gallery_NSh11522_TZh96818\inc\Utilities\UserDAO.class.php on line 67
[30-Jul-2020 23:36:38 UTC] PHP Fatal error:  Uncaught Error: Call to a member function query() on null in D:\php\photo_gallery_NSh11522_TZh96818\inc\Utilities\UserDAO.class.php:66
Stack trace:
#0 D:\php\photo_gallery_NSh11522_TZh96818\inc\Utilities\Validate.class.php(60): UserDAO::validateUser('user1')
#1 D:\php\photo_gallery_NSh11522_TZh96818\registration_handler.php(17): Validate::validateInput()
#2 {main}
  thrown in D:\php\photo_gallery_NSh11522_TZh96818\inc\Utilities\UserDAO.class.php on line 66
[30-Jul-2020 23:37:53 UTC] PHP Fatal error:  Uncaught Error: Call to a member function query() on null in D:\php\photo_gallery_NSh11522_TZh96818\inc\Utilities\UserDAO.class.php:66
Stack trace:
#0 D:\php\photo_gallery_NSh11522_TZh96818\inc\Utilities\Validate.class.php(64): UserDAO::validateUser('user1')
#1 D:\php\photo_gallery_NSh11522_TZh96818\registration_handler.php(17): Validate::validateInput()
#2 {main}
  thrown in D:\php\photo_gallery_NSh11522_TZh96818\inc\Utilities\UserDAO.class.php on line 66
[30-Jul-2020 23:40:16 UTC] PHP Fatal error:  Uncaught Error: Call to a member function query() on null in D:\php\photo_gallery_NSh11522_TZh96818\inc\Utilities\UserDAO.class.php:66
Stack trace:
#0 D:\php\photo_gallery_NSh11522_TZh96818\inc\Utilities\Validate.class.php(65): UserDAO::validateUser('user1')
#1 D:\php\photo_gallery_NSh11522_TZh96818\registration_handler.php(17): Validate::validateInput()
#2 {main}
  thrown in D:\php\photo_gallery_NSh11522_TZh96818\inc\Utilities\UserDAO.class.php on line 66
[30-Jul-2020 23:41:30 UTC] PHP Fatal error:  Uncaught Error: Call to a member function query() on null in D:\php\photo_gallery_NSh11522_TZh96818\inc\Utilities\UserDAO.class.php:66
Stack trace:
#0 D:\php\photo_gallery_NSh11522_TZh96818\inc\Utilities\Validate.class.php(65): UserDAO::validateUser('user1')
#1 D:\php\photo_gallery_NSh11522_TZh96818\registration_handler.php(17): Validate::validateInput()
#2 {main}
  thrown in D:\php\photo_gallery_NSh11522_TZh96818\inc\Utilities\UserDAO.class.php on line 66
[30-Jul-2020 23:42:27 UTC] PHP Fatal error:  Uncaught Error: Call to a member function query() on null in D:\php\photo_gallery_NSh11522_TZh96818\inc\Utilities\UserDAO.class.php:66
Stack trace:
#0 D:\php\photo_gallery_NSh11522_TZh96818\inc\Utilities\Validate.class.php(65): UserDAO::validateUser('user1')
#1 D:\php\photo_gallery_NSh11522_TZh96818\registration_handler.php(17): Validate::validateInput()
#2 {main}
  thrown in D:\php\photo_gallery_NSh11522_TZh96818\inc\Utilities\UserDAO.class.php on line 66
[30-Jul-2020 23:43:45 UTC] PHP Fatal error:  Uncaught PDOException: SQLSTATE[23000]: Integrity constraint violation: 1062 Duplicate entry 'user1' for key 'username' in D:\php\photo_gallery_NSh11522_TZh96818\inc\Utilities\PDOAgent.class.php:74
Stack trace:
#0 D:\php\photo_gallery_NSh11522_TZh96818\inc\Utilities\PDOAgent.class.php(74): PDOStatement->execute()
#1 D:\php\photo_gallery_NSh11522_TZh96818\inc\Utilities\UserDAO.class.php(33): PDOAgent->execute()
#2 D:\php\photo_gallery_NSh11522_TZh96818\registration_handler.php(36): UserDAO::createUser(Object(User))
#3 {main}
  thrown in D:\php\photo_gallery_NSh11522_TZh96818\inc\Utilities\PDOAgent.class.php on line 74
[30-Jul-2020 23:45:07 UTC] PHP Fatal error:  Uncaught PDOException: SQLSTATE[23000]: Integrity constraint violation: 1062 Duplicate entry 'user1' for key 'username' in D:\php\photo_gallery_NSh11522_TZh96818\inc\Utilities\PDOAgent.class.php:74
Stack trace:
#0 D:\php\photo_gallery_NSh11522_TZh96818\inc\Utilities\PDOAgent.class.php(74): PDOStatement->execute()
#1 D:\php\photo_gallery_NSh11522_TZh96818\inc\Utilities\UserDAO.class.php(33): PDOAgent->execute()
#2 D:\php\photo_gallery_NSh11522_TZh96818\registration_handler.php(36): UserDAO::createUser(Object(User))
#3 {main}
  thrown in D:\php\photo_gallery_NSh11522_TZh96818\inc\Utilities\PDOAgent.class.php on line 74
